// Jest Snapshot v1, https://goo.gl/fbAQLP

exports[`Comment Parser parses files with comment blocks 1`] = `
Array [
  Object {
    "data": "",
    "didProcess": false,
    "lineIndex": 0,
    "parserState": "INIT",
    "type": "LINE",
    "warnings": Array [],
  },
  Object {
    "data": "            /**! InGenR:expand sample */",
    "didProcess": false,
    "lineIndex": 1,
    "parserState": "INIT",
    "type": "LINE",
    "warnings": Array [
      Object {
        "index": 17,
        "message": "Potentially unprocessed InGenR directive: InGenR:expand.
If you expected this directive to be processed please recheck the syntax",
      },
    ],
  },
  Object {
    "data": "            /**! InGenR:end */",
    "didProcess": false,
    "lineIndex": 2,
    "parserState": "INIT",
    "type": "LINE",
    "warnings": Array [
      Object {
        "index": 17,
        "message": "Potentially unprocessed InGenR directive: InGenR:end.
If you expected this directive to be processed please recheck the syntax",
      },
    ],
  },
  Object {
    "data": "",
    "didProcess": false,
    "lineIndex": 3,
    "parserState": "INIT",
    "type": "LINE",
    "warnings": Array [],
  },
  Object {
    "data": "            /**! InGenR:expand knex-dal",
    "didProcess": false,
    "lineIndex": 4,
    "parserState": "INIT",
    "type": "LINE",
    "warnings": Array [
      Object {
        "index": 17,
        "message": "Potentially unprocessed InGenR directive: InGenR:expand.
If you expected this directive to be processed please recheck the syntax",
      },
    ],
  },
  Object {
    "data": "            *",
    "didProcess": false,
    "lineIndex": 5,
    "parserState": "INIT",
    "type": "LINE",
    "warnings": Array [],
  },
  Object {
    "data": "            * tableName: users",
    "didProcess": false,
    "lineIndex": 6,
    "parserState": "INIT",
    "type": "LINE",
    "warnings": Array [],
  },
  Object {
    "data": "            * columns:",
    "didProcess": false,
    "lineIndex": 7,
    "parserState": "INIT",
    "type": "LINE",
    "warnings": Array [],
  },
  Object {
    "data": "            *   - name: name",
    "didProcess": false,
    "lineIndex": 8,
    "parserState": "INIT",
    "type": "LINE",
    "warnings": Array [],
  },
  Object {
    "data": "            *     type: string",
    "didProcess": false,
    "lineIndex": 9,
    "parserState": "INIT",
    "type": "LINE",
    "warnings": Array [],
  },
  Object {
    "data": "            *   - name: email",
    "didProcess": false,
    "lineIndex": 10,
    "parserState": "INIT",
    "type": "LINE",
    "warnings": Array [],
  },
  Object {
    "data": "            *     type: string",
    "didProcess": false,
    "lineIndex": 11,
    "parserState": "INIT",
    "type": "LINE",
    "warnings": Array [],
  },
  Object {
    "data": "            */",
    "didProcess": false,
    "lineIndex": 12,
    "parserState": "INIT",
    "type": "LINE",
    "warnings": Array [],
  },
  Object {
    "data": "            /**! InGenR:end */",
    "didProcess": false,
    "lineIndex": 13,
    "parserState": "INIT",
    "type": "LINE",
    "warnings": Array [
      Object {
        "index": 17,
        "message": "Potentially unprocessed InGenR directive: InGenR:end.
If you expected this directive to be processed please recheck the syntax",
      },
    ],
  },
  Object {
    "data": "",
    "didProcess": false,
    "lineIndex": 14,
    "parserState": "INIT",
    "type": "LINE",
    "warnings": Array [],
  },
  Object {
    "data": "            /**! InGenR:expand products",
    "didProcess": false,
    "lineIndex": 15,
    "parserState": "INIT",
    "type": "LINE",
    "warnings": Array [
      Object {
        "index": 17,
        "message": "Potentially unprocessed InGenR directive: InGenR:expand.
If you expected this directive to be processed please recheck the syntax",
      },
    ],
  },
  Object {
    "data": "             *",
    "didProcess": false,
    "lineIndex": 16,
    "parserState": "INIT",
    "type": "LINE",
    "warnings": Array [],
  },
  Object {
    "data": "             * tableName: products",
    "didProcess": false,
    "lineIndex": 17,
    "parserState": "INIT",
    "type": "LINE",
    "warnings": Array [],
  },
  Object {
    "data": "             */",
    "didProcess": false,
    "lineIndex": 18,
    "parserState": "INIT",
    "type": "LINE",
    "warnings": Array [],
  },
  Object {
    "data": "            /**! InGenR:end */",
    "didProcess": false,
    "lineIndex": 19,
    "parserState": "INIT",
    "type": "LINE",
    "warnings": Array [
      Object {
        "index": 17,
        "message": "Potentially unprocessed InGenR directive: InGenR:end.
If you expected this directive to be processed please recheck the syntax",
      },
    ],
  },
  Object {
    "data": "        ",
    "didProcess": false,
    "lineIndex": 20,
    "parserState": "INIT",
    "type": "LINE",
    "warnings": Array [],
  },
]
`;

exports[`Comment Parser parses files with no comment blocks 1`] = `
Array [
  Object {
    "data": "",
    "didProcess": false,
    "lineIndex": 0,
    "parserState": "INIT",
    "type": "LINE",
    "warnings": Array [],
  },
  Object {
    "data": "            import express from \\"express\\";",
    "didProcess": false,
    "lineIndex": 1,
    "parserState": "INIT",
    "type": "LINE",
    "warnings": Array [],
  },
  Object {
    "data": "            const app = express();",
    "didProcess": false,
    "lineIndex": 2,
    "parserState": "INIT",
    "type": "LINE",
    "warnings": Array [],
  },
  Object {
    "data": "            app.listen()",
    "didProcess": false,
    "lineIndex": 3,
    "parserState": "INIT",
    "type": "LINE",
    "warnings": Array [],
  },
  Object {
    "data": "        ",
    "didProcess": false,
    "lineIndex": 4,
    "parserState": "INIT",
    "type": "LINE",
    "warnings": Array [],
  },
]
`;
