// Jest Snapshot v1, https://goo.gl/fbAQLP

exports[`Comment Parser parses files with comment blocks 1`] = `
Array [
  Object {
    "data": "",
    "didProcess": false,
    "lineIndex": 0,
    "parserState": "INIT",
    "type": "LINE",
    "warnings": Array [],
  },
  Object {
    "data": "            /**! InGenR:expand sample */",
    "didProcess": true,
    "lineIndex": 1,
    "parserState": "IN_GENERATED_BLOCK",
    "type": "LINE",
    "warnings": Array [],
  },
  Object {
    "data": Object {
      "blockEndLineIndex": 2,
      "blockStartLineIndex": 2,
      "currentContent": Array [],
      "templateArgs": undefined,
      "templateName": "sample",
    },
    "parserState": "IN_GENERATED_BLOCK",
    "type": "PARSED_BLOCK",
  },
  Object {
    "data": "            /**! InGenR:end */",
    "didProcess": true,
    "lineIndex": 2,
    "parserState": "INIT",
    "type": "LINE",
    "warnings": Array [],
  },
  Object {
    "data": "",
    "didProcess": false,
    "lineIndex": 3,
    "parserState": "INIT",
    "type": "LINE",
    "warnings": Array [],
  },
  Object {
    "data": "            /**! InGenR:expand knex-dal",
    "didProcess": true,
    "lineIndex": 4,
    "parserState": "IN_ARGS_BLOCK",
    "type": "LINE",
    "warnings": Array [],
  },
  Object {
    "data": "            *",
    "didProcess": false,
    "lineIndex": 5,
    "parserState": "IN_ARGS_BLOCK",
    "type": "LINE",
    "warnings": Array [],
  },
  Object {
    "data": "            * tableName: users",
    "didProcess": false,
    "lineIndex": 6,
    "parserState": "IN_ARGS_BLOCK",
    "type": "LINE",
    "warnings": Array [],
  },
  Object {
    "data": "            * columns:",
    "didProcess": false,
    "lineIndex": 7,
    "parserState": "IN_ARGS_BLOCK",
    "type": "LINE",
    "warnings": Array [],
  },
  Object {
    "data": "            *   - name: name",
    "didProcess": false,
    "lineIndex": 8,
    "parserState": "IN_ARGS_BLOCK",
    "type": "LINE",
    "warnings": Array [],
  },
  Object {
    "data": "            *     type: string",
    "didProcess": false,
    "lineIndex": 9,
    "parserState": "IN_ARGS_BLOCK",
    "type": "LINE",
    "warnings": Array [],
  },
  Object {
    "data": "            *   - name: email",
    "didProcess": false,
    "lineIndex": 10,
    "parserState": "IN_ARGS_BLOCK",
    "type": "LINE",
    "warnings": Array [],
  },
  Object {
    "data": "            *     type: string",
    "didProcess": false,
    "lineIndex": 11,
    "parserState": "IN_ARGS_BLOCK",
    "type": "LINE",
    "warnings": Array [],
  },
  Object {
    "data": "            */",
    "didProcess": true,
    "lineIndex": 12,
    "parserState": "IN_GENERATED_BLOCK",
    "type": "LINE",
    "warnings": Array [],
  },
  Object {
    "data": Object {
      "blockEndLineIndex": 13,
      "blockStartLineIndex": 13,
      "currentContent": Array [],
      "templateArgs": Object {
        "columns": Array [
          Object {
            "name": "name",
            "type": "string",
          },
          Object {
            "name": "email",
            "type": "string",
          },
        ],
        "tableName": "users",
      },
      "templateName": "knex-dal",
    },
    "parserState": "IN_GENERATED_BLOCK",
    "type": "PARSED_BLOCK",
  },
  Object {
    "data": "            /**! InGenR:end */",
    "didProcess": true,
    "lineIndex": 13,
    "parserState": "INIT",
    "type": "LINE",
    "warnings": Array [],
  },
  Object {
    "data": "",
    "didProcess": false,
    "lineIndex": 14,
    "parserState": "INIT",
    "type": "LINE",
    "warnings": Array [],
  },
  Object {
    "data": "            /**! InGenR:expand products",
    "didProcess": true,
    "lineIndex": 15,
    "parserState": "IN_ARGS_BLOCK",
    "type": "LINE",
    "warnings": Array [],
  },
  Object {
    "data": "             *",
    "didProcess": false,
    "lineIndex": 16,
    "parserState": "IN_ARGS_BLOCK",
    "type": "LINE",
    "warnings": Array [],
  },
  Object {
    "data": "             * tableName: products",
    "didProcess": false,
    "lineIndex": 17,
    "parserState": "IN_ARGS_BLOCK",
    "type": "LINE",
    "warnings": Array [],
  },
  Object {
    "data": "             */",
    "didProcess": true,
    "lineIndex": 18,
    "parserState": "IN_GENERATED_BLOCK",
    "type": "LINE",
    "warnings": Array [],
  },
  Object {
    "data": Object {
      "blockEndLineIndex": 19,
      "blockStartLineIndex": 19,
      "currentContent": Array [],
      "templateArgs": Object {
        "tableName": "products",
      },
      "templateName": "products",
    },
    "parserState": "IN_GENERATED_BLOCK",
    "type": "PARSED_BLOCK",
  },
  Object {
    "data": "            /**! InGenR:end */",
    "didProcess": true,
    "lineIndex": 19,
    "parserState": "INIT",
    "type": "LINE",
    "warnings": Array [],
  },
  Object {
    "data": "        ",
    "didProcess": false,
    "lineIndex": 20,
    "parserState": "INIT",
    "type": "LINE",
    "warnings": Array [],
  },
]
`;

exports[`Comment Parser parses files with no comment blocks 1`] = `
Array [
  Object {
    "data": "",
    "didProcess": false,
    "lineIndex": 0,
    "parserState": "INIT",
    "type": "LINE",
    "warnings": Array [],
  },
  Object {
    "data": "            import express from \\"express\\";",
    "didProcess": false,
    "lineIndex": 1,
    "parserState": "INIT",
    "type": "LINE",
    "warnings": Array [],
  },
  Object {
    "data": "            const app = express();",
    "didProcess": false,
    "lineIndex": 2,
    "parserState": "INIT",
    "type": "LINE",
    "warnings": Array [],
  },
  Object {
    "data": "            app.listen()",
    "didProcess": false,
    "lineIndex": 3,
    "parserState": "INIT",
    "type": "LINE",
    "warnings": Array [],
  },
  Object {
    "data": "        ",
    "didProcess": false,
    "lineIndex": 4,
    "parserState": "INIT",
    "type": "LINE",
    "warnings": Array [],
  },
]
`;
