// Jest Snapshot v1, https://goo.gl/fbAQLP

exports[`ConsoleReporter works as expected 1`] = `
Array [
  Object {
    "args": Array [
      "[InGenR] /tmp/foo.js: 2 warnings",
    ],
    "type": "log",
  },
  Object {
    "args": Array [
      "L:11 : lorem ipsum dolor sit amet",
    ],
    "type": "log",
  },
  Object {
    "args": Array [
      "       ^ something failed",
    ],
    "type": "log",
  },
  Object {
    "args": Array [
      "L:11 : lorem ipsum dolor sit amet",
    ],
    "type": "log",
  },
  Object {
    "args": Array [
      "                 ^ something else failed",
    ],
    "type": "log",
  },
  Object {
    "args": Array [
      "[InGenR] /tmp/bar.js: 1 warnings",
    ],
    "type": "log",
  },
  Object {
    "args": Array [
      " something failed",
    ],
    "type": "log",
  },
  Object {
    "args": Array [
      [Error: Something Failed],
    ],
    "type": "error",
  },
]
`;
